// Jest Snapshot v1, https://goo.gl/fbAQLP

exports[`<Container /> should render properly 1`] = `
<div>
  <div
    class="sc-bdfBwQ kZkkxR"
  >
    content
  </div>
</div>
`;
