// Jest Snapshot v1, https://goo.gl/fbAQLP

exports[`Header renders correctly 1`] = `
<div
  className="lang"
>
  <div
    className="lang"
  >
    <div
      onClick={[Function]}
    >
      ğŸ‡¬ğŸ‡§
    </div>
    <div
      onClick={[Function]}
    >
      ğŸ‡«ğŸ‡·
    </div>
  </div>
</div>
`;
