// Jest Snapshot v1, https://goo.gl/fbAQLP

exports[`SearchForm renders correctly 1`] = `
<div
  className="SearchForm"
>
  <TextField
    className="text-field"
    label="Leaving from"
    margin="normal"
    value="New York"
    variant="outlined"
  />
  <TextField
    className="text-field"
    label="Going to"
    margin="normal"
    value="Montreal"
    variant="outlined"
  />
  <TextField
    className="text-field"
    label="Date"
    margin="normal"
    value="2019-08-02"
    variant="outlined"
  />
  <TextField
    className="text-field"
    label="passenger"
    margin="normal"
    value="1 Adult"
    variant="outlined"
  />
  <button
    className="MuiButtonBase-root-27 MuiButton-root-1 MuiButton-contained-12 MuiButton-containedPrimary-13 MuiButton-raised-15 MuiButton-raisedPrimary-16"
    disabled={false}
    onBlur={[Function]}
    onClick={[Function]}
    onFocus={[Function]}
    onKeyDown={[Function]}
    onKeyUp={[Function]}
    onMouseDown={[Function]}
    onMouseLeave={[Function]}
    onMouseUp={[Function]}
    onTouchEnd={[Function]}
    onTouchMove={[Function]}
    onTouchStart={[Function]}
    tabIndex="0"
    type="button"
  >
    <span
      className="MuiButton-label-2"
    >
      Search
    </span>
    <span
      className="MuiTouchRipple-root-30"
    />
  </button>
</div>
`;
