// Jest Snapshot v1, https://goo.gl/fbAQLP

exports[`renders correctly 1`] = `
Array [
  <div
    className="lang"
  >
    <div
      className="lang"
    >
      <div
        onClick={[Function]}
      >
        ğŸ‡¬ğŸ‡§
      </div>
      <div
        onClick={[Function]}
      >
        ğŸ‡«ğŸ‡·
      </div>
    </div>
  </div>,
  <SearchForm />,
  <Departures />,
]
`;
