// Jest Snapshot v1, https://goo.gl/fbAQLP

exports[`component | SearchResults | component render should match snapshot 1`] = `
<WithStyles(GridWrapper)
  className="fakeRootClass"
  container={true}
>
  <Component
    departure_time="2018-03-10T06:30:00"
    key="4"
    prices={
      Object {
        "total": 100,
      }
    }
  />
  <Component
    departure_time="2018-03-10T07:30:00"
    key="3"
    prices={
      Object {
        "total": 90,
      }
    }
  />
  <Component
    departure_time="2018-03-10T07:30:00"
    key="2"
    prices={
      Object {
        "total": 100,
      }
    }
  />
  <Component
    departure_time="2018-03-10T08:30:00"
    key="1"
    prices={
      Object {
        "total": 100,
      }
    }
  />
</WithStyles(GridWrapper)>
`;
