// Jest Snapshot v1, https://goo.gl/fbAQLP

exports[`<Results /> renders and matches the snapshot 1`] = `
<section
  className="jsx-4199177593 wrapper"
>
  <h2
    className="jsx-4199177593"
  >
    results-for
     
    Thursday 1st August 2019
  </h2>
  <ul
    className="jsx-4199177593"
  >
    <Departure
      arrival_time="2019-08-01T08:30:00"
      departure_time="2019-08-01T01:30:00"
      destination_city={
        Object {
          "id": 1,
        }
      }
      destination_location={
        Object {
          "city_id": 1,
          "id": 1,
        }
      }
      i18n={
        Object {
          "language": "en",
        }
      }
      key="1"
      operator={
        Object {
          "id": 1,
        }
      }
      origin_city={
        Object {
          "id": 1,
        }
      }
      origin_location={
        Object {
          "city_id": 1,
          "id": 1,
        }
      }
      prices={
        Object {
          "currency": "CAD",
          "total": 5200,
        }
      }
      t={[Function]}
    />
    <Departure
      arrival_time="2019-08-01T08:30:00"
      departure_time="2019-08-01T01:30:00"
      destination_city={
        Object {
          "id": 1,
        }
      }
      destination_location={
        Object {
          "city_id": 1,
          "id": 1,
        }
      }
      i18n={
        Object {
          "language": "en",
        }
      }
      key="2"
      operator={
        Object {
          "id": 1,
        }
      }
      origin_city={
        Object {
          "id": 1,
        }
      }
      origin_location={
        Object {
          "city_id": 1,
          "id": 1,
        }
      }
      prices={
        Object {
          "currency": "CAD",
          "total": 5200,
        }
      }
      t={[Function]}
    />
    <Departure
      arrival_time="2019-08-01T08:30:00"
      departure_time="2019-08-01T01:30:00"
      destination_city={
        Object {
          "id": 1,
        }
      }
      destination_location={
        Object {
          "city_id": 1,
          "id": 1,
        }
      }
      i18n={
        Object {
          "language": "en",
        }
      }
      key="3"
      operator={
        Object {
          "id": 1,
        }
      }
      origin_city={
        Object {
          "id": 1,
        }
      }
      origin_location={
        Object {
          "city_id": 1,
          "id": 1,
        }
      }
      prices={
        Object {
          "currency": "CAD",
          "total": 5200,
        }
      }
      t={[Function]}
    />
  </ul>
  <JSXStyle
    dynamic={
      Array [
        "#243b52",
      ]
    }
    id="3450715267"
  >
    section.__jsx-style-dynamic-selector{padding-left:24px;padding-right:24px;}h2.__jsx-style-dynamic-selector{color:#243b52;margin:0;padding-top:32px;text-align:center;}ul.__jsx-style-dynamic-selector{display:grid;grid-template-rows:1fr;grid-gap:32px;list-style:none;margin:0 auto;max-width:960px;padding-left:0;padding-top:32px;}
  </JSXStyle>
</section>
`;
