// Jest Snapshot v1, https://goo.gl/fbAQLP

exports[`DeparturesDetails renders correctly 1`] = `
<div
  className="DepartureDetails"
>
  <Button
    className="container"
  >
    <div
      className="departure"
    >
      <div
        className="time"
      >
        09:55 AM
      </div>
      <div
        className="city"
      >
        new york
         - 
      </div>
      <div
        className="origin-location"
      >
        new york
      </div>
    </div>
    <div
      className="bus"
    >
      ðŸšŒ
    </div>
    <div
      className="destination"
    >
      <div
        className="time"
      >
        07:55 PM
      </div>
      <div
        className="city"
      >
        montrÃ©al
         -
      </div>
      <div
        className="destination-location"
      >
        MontrÃ©al
      </div>
    </div>
    <div
      className="price"
    >
      <div
        className="passenger"
      >
        1 passenger
      </div>
      <div
        className="total"
      >
         
        25
          
      </div>
    </div>
  </Button>
</div>
`;
