// Jest Snapshot v1, https://goo.gl/fbAQLP

exports[`Component should render 1`] = `
<div
  className="column"
>
  hey
</div>
`;
