// Jest Snapshot v1, https://goo.gl/fbAQLP

exports[`services | api | constants should match snapshot 1`] = `
Object {
  "ACCEPT": "application/vnd.busbud+json; version=2; profile=https://schema.busbud.com/v2/",
  "BASE_URL": "https://napi.busbud.com",
}
`;
