// Jest Snapshot v1, https://goo.gl/fbAQLP

exports[`<FakeLoader /> should render properly 1`] = `
<div>
  <div
    class="sc-bdfBwQ chHSNf"
  />
</div>
`;
