// Jest Snapshot v1, https://goo.gl/fbAQLP

exports[`component | Jumbotron | styles should match snapshot 1`] = `
Object {
  "root": Object {
    "padding": "6rem 0",
  },
}
`;
